(---------------------------------------------------------------------)
(                                                                     )
(    Dangling Line, Via and Antenna Report                            )
(                                                                     )
(    Drawing          : fscvmotherboardv2.brd                         )
(    Software Version : 23.1P001                                      )
(    Date/Time        : Wed Feb 28 19:16:02 2024                      )
(                                                                     )
(---------------------------------------------------------------------)


Report methodology:
  - Dangling lines have at least one end not connected.
  - Dangling vias have one or no connection
      - Plus are not a test, thieving or netshort property via.
  - Antenna vias do not have connections on their start and end layers.
      - Plus they are not a thieving vias.
      - Optionally, VOLTAGE nets, testvias and through vias can be suppressed with
        the environment variable report_antennavia.
      - Section may be suppressed by variable report_noantennavia.
  - Not part of the current partition.
  - To suppress items in dangle report add the OK_DANGLE property to the via
    or connect line.

<< Dangling Lines >>  - Location marked with a star (*) is dangling.
  Net                 Layer                  Length       Location
  ------------------------------------------------------------------------------------------
  IREF_EN_78_SEL       TOP                  84.1847     *(-8.8900 18.4150) to  (-86.2500 26.8959)
  Not a Net            BOTTOM                0.0870     *(-41.9745 9.7535) to *(-41.9130 9.8150)


<< Dangling Vias >>
  Net                  Padstack               Location            Layers
  ---------------------------------------------------------------------------
  +1.65V               POWER_VIA            (-56.7979 -53.1240) TOP/BOTTOM 
  +1.65V               POWER_VIA            (-56.7979 -51.1740) TOP/BOTTOM 
  +1.65V               POWER_VIA            (-56.7979 -34.0120) TOP/BOTTOM 
  +1.65V               POWER_VIA            (-56.7979 -32.0620) TOP/BOTTOM 
  +1.65V               POWER_VIA            (-56.7979 -14.9000) TOP/BOTTOM 
  +1.65V               POWER_VIA            (-56.7979 -12.9500) TOP/BOTTOM 
  +1.65V               POWER_VIA            (-53.3020 -53.1240) TOP/BOTTOM 
  +1.65V               POWER_VIA            (-53.3020 -51.1740) TOP/BOTTOM 
  +1.65V               POWER_VIA            (-53.3020 -34.0120) TOP/BOTTOM 
  +1.65V               POWER_VIA            (-53.3020 -32.0620) TOP/BOTTOM 
  +1.65V               POWER_VIA            (-53.3020 -14.9000) TOP/BOTTOM 
  +1.65V               POWER_VIA            (-53.3020 -12.9500) TOP/BOTTOM 
  +1.65V               POWER_VIA            (-37.5380 -53.1240) TOP/BOTTOM 
  +1.65V               POWER_VIA            (-37.5380 -51.1740) TOP/BOTTOM 
  +1.65V               POWER_VIA            (-37.5379 -34.0120) TOP/BOTTOM 
  +1.65V               POWER_VIA            (-37.5379 -32.0620) TOP/BOTTOM 
  +1.65V               POWER_VIA            (-37.5379 -14.9000) TOP/BOTTOM 
  +1.65V               POWER_VIA            (-37.5379 -12.9500) TOP/BOTTOM 
  +1.65V               POWER_VIA            (-34.0421 -53.1240) TOP/BOTTOM 
  +1.65V               POWER_VIA            (-34.0421 -51.1740) TOP/BOTTOM 
  +1.65V               POWER_VIA            (-34.0420 -34.0120) TOP/BOTTOM 
  +1.65V               POWER_VIA            (-34.0420 -32.0620) TOP/BOTTOM 
  +1.65V               POWER_VIA            (-34.0420 -14.9000) TOP/BOTTOM 
  +1.65V               POWER_VIA            (-34.0420 -12.9500) TOP/BOTTOM 
  +1.65V               POWER_VIA            (-20.8214 -14.9000) TOP/BOTTOM 
  +1.65V               POWER_VIA            (-20.6820 -12.9500) TOP/BOTTOM 
  +1.65V               POWER_VIA            (-18.2779 -34.0120) TOP/BOTTOM 
  +1.65V               POWER_VIA            (-18.2779 -32.0620) TOP/BOTTOM 
  +1.65V               POWER_VIA            (-14.9214 -14.9000) TOP/BOTTOM 
  +1.65V               POWER_VIA            (-14.7820 -34.0120) TOP/BOTTOM 
  +1.65V               POWER_VIA            (-14.7820 -12.9500) TOP/BOTTOM 
  +1.65V               POWER_VIA            (0.9821 -53.1240) TOP/BOTTOM 
  +1.65V               POWER_VIA            (0.9821 -51.1740) TOP/BOTTOM 
  +1.65V               POWER_VIA            (0.9821 -34.0120) TOP/BOTTOM 
  +1.65V               POWER_VIA            (0.9821 -32.0620) TOP/BOTTOM 
  +1.65V               POWER_VIA            (0.9821 10.1000) TOP/BOTTOM 
  +1.65V               POWER_VIA            (0.9821 12.0500) TOP/BOTTOM 
  +1.65V               POWER_VIA            (4.4780 -53.1240) TOP/BOTTOM 
  +1.65V               POWER_VIA            (4.4780 -51.1740) TOP/BOTTOM 
  +5V                  POWER_VIA            (-71.5300 30.6300) TOP/BOTTOM 
  +5V                  POWER_VIA            (-54.9050 30.8400) TOP/BOTTOM 
  +5V                  POWER_VIA            (-49.3350 -52.8840) TOP/BOTTOM 
  +5V                  POWER_VIA            (-49.3350 -33.7720) TOP/BOTTOM 
  +5V                  POWER_VIA            (-49.3350 -14.6600) TOP/BOTTOM 
  +5V                  POWER_VIA            (-30.0750 -52.8840) TOP/BOTTOM 
  +5V                  POWER_VIA            (-30.0750 -33.7720) TOP/BOTTOM 
  +5V                  POWER_VIA            (-30.0750 -14.6600) TOP/BOTTOM 
  +5V                  POWER_VIA            (-19.9100 36.0450) TOP/BOTTOM 
  +5V                  POWER_VIA            (-10.8150 -52.8840) TOP/BOTTOM 
  +5V                  POWER_VIA            (-10.8150 -33.7720) TOP/BOTTOM 
  +5V                  POWER_VIA            (-10.8150 -14.6600) TOP/BOTTOM 
  +5V                  POWER_VIA            (-2.1300 36.0450) TOP/BOTTOM 
  +5V                  POWER_VIA            (8.4450 -52.8840) TOP/BOTTOM 
  +5V                  POWER_VIA            (8.4450 -33.7720) TOP/BOTTOM 
  +5V                  POWER_VIA            (8.4450 10.3400) TOP/BOTTOM 
  -1.65V               POWER_VIA            (-56.7979 -54.4240) TOP/BOTTOM 
  -1.65V               POWER_VIA            (-56.7979 -49.8740) TOP/BOTTOM 
  -1.65V               POWER_VIA            (-56.7979 -35.3120) TOP/BOTTOM 
  -1.65V               POWER_VIA            (-56.7979 -30.7620) TOP/BOTTOM 
  -1.65V               POWER_VIA            (-56.7979 -16.2000) TOP/BOTTOM 
  -1.65V               POWER_VIA            (-56.7979 -11.6500) TOP/BOTTOM 
  -1.65V               POWER_VIA            (-53.3020 -54.4240) TOP/BOTTOM 
  -1.65V               POWER_VIA            (-53.3020 -49.8740) TOP/BOTTOM 
  -1.65V               POWER_VIA            (-53.3020 -35.3120) TOP/BOTTOM 
  -1.65V               POWER_VIA            (-53.3020 -30.7620) TOP/BOTTOM 
  -1.65V               POWER_VIA            (-53.3020 -16.2000) TOP/BOTTOM 
  -1.65V               POWER_VIA            (-53.3020 -11.6500) TOP/BOTTOM 
  -1.65V               POWER_VIA            (-37.5380 -54.4240) TOP/BOTTOM 
  -1.65V               POWER_VIA            (-37.5380 -49.8740) TOP/BOTTOM 
  -1.65V               POWER_VIA            (-37.5379 -35.3120) TOP/BOTTOM 
  -1.65V               POWER_VIA            (-37.5379 -30.7620) TOP/BOTTOM 
  -1.65V               POWER_VIA            (-37.5379 -16.2000) TOP/BOTTOM 
  -1.65V               POWER_VIA            (-37.5379 -11.6500) TOP/BOTTOM 
  -1.65V               POWER_VIA            (-34.0421 -54.4240) TOP/BOTTOM 
  -1.65V               POWER_VIA            (-34.0421 -49.8740) TOP/BOTTOM 
  -1.65V               POWER_VIA            (-34.0420 -35.3120) TOP/BOTTOM 
  -1.65V               POWER_VIA            (-34.0420 -30.7620) TOP/BOTTOM 
  -1.65V               POWER_VIA            (-34.0420 -16.2000) TOP/BOTTOM 
  -1.65V               POWER_VIA            (-34.0420 -11.6500) TOP/BOTTOM 
  -1.65V               POWER_VIA            (-20.8214 -16.2000) TOP/BOTTOM 
  -1.65V               POWER_VIA            (-20.6820 -11.6500) TOP/BOTTOM 
  -1.65V               POWER_VIA            (-18.2779 -35.3120) TOP/BOTTOM 
  -1.65V               POWER_VIA            (-18.2779 -30.7620) TOP/BOTTOM 
  -1.65V               POWER_VIA            (-14.9214 -16.2000) TOP/BOTTOM 
  -1.65V               POWER_VIA            (-14.7820 -35.3120) TOP/BOTTOM 
  -1.65V               POWER_VIA            (-14.7820 -11.6500) TOP/BOTTOM 
  -1.65V               POWER_VIA            (0.9821 -54.4240) TOP/BOTTOM 
  -1.65V               POWER_VIA            (0.9821 -49.8740) TOP/BOTTOM 
  -1.65V               POWER_VIA            (0.9821 -35.3120) TOP/BOTTOM 
  -1.65V               POWER_VIA            (0.9821 -30.7620) TOP/BOTTOM 
  -1.65V               POWER_VIA            (0.9821 8.8000)  TOP/BOTTOM 
  -1.65V               POWER_VIA            (0.9821 13.3500) TOP/BOTTOM 
  -1.65V               POWER_VIA            (4.4780 -54.4240) TOP/BOTTOM 
  -1.65V               POWER_VIA            (4.4780 -49.8740) TOP/BOTTOM 
  -5V                  POWER_VIA            (-60.7650 -50.7640) TOP/BOTTOM 
  -5V                  POWER_VIA            (-60.7650 -31.6520) TOP/BOTTOM 
  -5V                  POWER_VIA            (-60.7650 -12.5400) TOP/BOTTOM 
  -5V                  POWER_VIA            (-60.1000 32.7500) TOP/BOTTOM 
  -5V                  POWER_VIA            (-43.4750 32.9600) TOP/BOTTOM 
  -5V                  POWER_VIA            (-41.5050 -50.7640) TOP/BOTTOM 
  -5V                  POWER_VIA            (-41.5050 -31.6520) TOP/BOTTOM 
  -5V                  POWER_VIA            (-41.5050 -12.5400) TOP/BOTTOM 
  -5V                  POWER_VIA            (-31.3400 33.9250) TOP/BOTTOM 
  -5V                  POWER_VIA            (-22.2450 -50.7640) TOP/BOTTOM 
  -5V                  POWER_VIA            (-22.2450 -31.6520) TOP/BOTTOM 
  -5V                  POWER_VIA            (-22.2450 -12.5400) TOP/BOTTOM 
  -5V                  POWER_VIA            (-13.5600 33.9250) TOP/BOTTOM 
  -5V                  POWER_VIA            (-2.9850 -50.7640) TOP/BOTTOM 
  -5V                  POWER_VIA            (-2.9850 -31.6520) TOP/BOTTOM 
  -5V                  POWER_VIA            (-2.9850 12.4600) TOP/BOTTOM 
  CH_AB_COND_SEL       SIGNAL_VIA           (-28.5750 31.7576) TOP/BOTTOM 
  CH_CD_COND_SEL       SIGNAL_VIA           (-28.5750 38.8624) TOP/BOTTOM 
  CH_EN_1_SEL          SIGNAL_VIA           (-20.6320 -16.8500) TOP/BOTTOM 
  CH_EN_2_SEL          SIGNAL_VIA           (-58.0000 -10.3726) TOP/BOTTOM 
  CH_EN_3_SEL          SIGNAL_VIA           (-0.2200 -48.5966) TOP/BOTTOM 
  CH_EN_4_SEL          SIGNAL_VIA           (-32.8400 -48.5966) TOP/BOTTOM 
  CH_EN_5_SEL          SIGNAL_VIA           (-58.0000 -55.7014) TOP/BOTTOM 
  CH_EN_6_SEL          SIGNAL_VIA           (-32.8400 -10.3726) TOP/BOTTOM 
  CH_EN_7_SEL          SIGNAL_VIA           (-58.0000 -29.4846) TOP/BOTTOM 
  CH_EN_8_SEL          SIGNAL_VIA           (-38.7400 -36.5894) TOP/BOTTOM 
  CH_EN_D_SEL          SIGNAL_VIA           (-32.8400 -36.5894) TOP/BOTTOM 
  CH_OUTPUT_6          SIGNAL_VIA           (33.0200 37.6500) TOP/BOTTOM 
  COND_EN_1_SEL        SIGNAL_VIA           (-32.8400 -17.4774) TOP/BOTTOM 
  COND_EN_2_SEL        SIGNAL_VIA           (-52.1000 -10.3726) TOP/BOTTOM 
  COND_EN_3_SEL        SIGNAL_VIA           (-13.5800 -55.7014) TOP/BOTTOM 
  COND_EN_4_SEL        SIGNAL_VIA           (-19.4800 -55.7014) TOP/BOTTOM 
  COND_EN_5_SEL        SIGNAL_VIA           (-58.0000 -17.4774) TOP/BOTTOM 
  COND_EN_6_SEL        SIGNAL_VIA           (-38.7400 -10.3726) TOP/BOTTOM 
  COND_EN_7_SEL        SIGNAL_VIA           (-52.1000 -36.5894) TOP/BOTTOM 
  COND_EN_8_SEL        SIGNAL_VIA           (-52.1000 -29.4846) TOP/BOTTOM 
  COND_EN_D_SEL        SIGNAL_VIA           (-13.5800 -29.4846) TOP/BOTTOM 
  EN_12_SEL            SIGNAL_VIA           (-14.9714 -11.0000) TOP/BOTTOM 
  EN_34_SEL            SIGNAL_VIA           (-0.2200 -55.7014) TOP/BOTTOM 
  EN_56_SEL            SIGNAL_VIA           (-58.0000 -48.5966) TOP/BOTTOM 
  EN_78_SEL            SIGNAL_VIA           (5.6800 14.6274) TOP/BOTTOM 
  EN_D_SEL             SIGNAL_VIA           (-19.4800 -36.5894) TOP/BOTTOM 
  GND                  POWER_VIA            (-80.4000 23.0950) TOP/BOTTOM 
  GND                  POWER_VIA            (-71.5300 34.3500) TOP/BOTTOM 
  GND                  POWER_VIA            (-60.7650 -54.4840) TOP/BOTTOM 
  GND                  POWER_VIA            (-60.7650 -35.3720) TOP/BOTTOM 
  GND                  POWER_VIA            (-60.7650 -16.2600) TOP/BOTTOM 
  GND                  POWER_VIA            (-60.1000 29.0300) TOP/BOTTOM 
  GND                  POWER_VIA            (-54.9050 34.5600) TOP/BOTTOM 
  GND                  POWER_VIA            (-49.3350 -49.1640) TOP/BOTTOM 
  GND                  POWER_VIA            (-49.3350 -30.0520) TOP/BOTTOM 
  GND                  POWER_VIA            (-49.3350 -10.9400) TOP/BOTTOM 
  GND                  POWER_VIA            (-43.4750 29.2400) TOP/BOTTOM 
  GND                  POWER_VIA            (-41.5050 -54.4840) TOP/BOTTOM 
  GND                  POWER_VIA            (-41.5050 -35.3720) TOP/BOTTOM 
  GND                  POWER_VIA            (-41.5050 -16.2600) TOP/BOTTOM 
  GND                  POWER_VIA            (-31.3400 37.6450) TOP/BOTTOM 
  GND                  POWER_VIA            (-30.0750 -49.1640) TOP/BOTTOM 
  GND                  POWER_VIA            (-30.0750 -30.0520) TOP/BOTTOM 
  GND                  POWER_VIA            (-30.0750 -10.9400) TOP/BOTTOM 
  GND                  POWER_VIA            (-22.2450 -54.4840) TOP/BOTTOM 
  GND                  POWER_VIA            (-22.2450 -35.3720) TOP/BOTTOM 
  GND                  POWER_VIA            (-22.2450 -16.2600) TOP/BOTTOM 
  GND                  POWER_VIA            (-19.9100 32.3250) TOP/BOTTOM 
  GND                  POWER_VIA            (-13.5600 37.6450) TOP/BOTTOM 
  GND                  POWER_VIA            (-10.8150 -49.1640) TOP/BOTTOM 
  GND                  POWER_VIA            (-10.8150 -30.0520) TOP/BOTTOM 
  GND                  POWER_VIA            (-10.8150 -10.9400) TOP/BOTTOM 
  GND                  POWER_VIA            (-2.9850 -54.4840) TOP/BOTTOM 
  GND                  POWER_VIA            (-2.9850 -35.3720) TOP/BOTTOM 
  GND                  POWER_VIA            (-2.9850 8.7400) TOP/BOTTOM 
  GND                  POWER_VIA            (-2.1300 32.3250) TOP/BOTTOM 
  GND                  POWER_VIA            (8.4450 -49.1640) TOP/BOTTOM 
  GND                  POWER_VIA            (8.4450 -30.0520) TOP/BOTTOM 
  GND                  POWER_VIA            (8.4450 14.0600) TOP/BOTTOM 
  HP_BYPASS_EN_2_SEL   SIGNAL_VIA           (-52.1000 -17.4774) TOP/BOTTOM 
  HP_BYPASS_EN_3_SEL   SIGNAL_VIA           (-13.5800 -48.5966) TOP/BOTTOM 
  HP_BYPASS_EN_4_SEL   SIGNAL_VIA           (-19.4800 -48.5966) TOP/BOTTOM 
  HP_BYPASS_EN_5_SEL   SIGNAL_VIA           (-52.1000 -55.7014) TOP/BOTTOM 
  HP_BYPASS_EN_6_SEL   SIGNAL_VIA           (-38.7400 -17.4774) TOP/BOTTOM 
  HP_BYPASS_EN_7_SEL   SIGNAL_VIA           (-58.0000 -36.5894) TOP/BOTTOM 
  HP_BYPASS_EN_8_SEL   SIGNAL_VIA           (-38.7400 -29.4846) TOP/BOTTOM 
  HP_BYPASS_EN_D_SEL   SIGNAL_VIA           (-32.8400 -29.4846) TOP/BOTTOM 
  IREF_EN_12_SEL       SIGNAL_VIA           (-0.2200 7.5226) TOP/BOTTOM 
  IREF_EN_34_SEL       SIGNAL_VIA           (5.6800 -55.7014) TOP/BOTTOM 
  IREF_EN_56_SEL       SIGNAL_VIA           (-0.2200 -36.5894) TOP/BOTTOM 
  IREF_EN_78_SEL       SIGNAL_VIA           (-0.2200 14.6274) TOP/BOTTOM 
  IREF_EN_D_SEL        SIGNAL_VIA           (-13.5800 -36.5894) TOP/BOTTOM 
  IREF_SWITCH_PR_SEL   SIGNAL_VIA           (-32.8400 -55.7014) TOP/BOTTOM 
  IREF_TEST_12_SEL     SIGNAL_VIA           (5.6800 7.5226)  TOP/BOTTOM 
  IREF_TEST_34_SEL     SIGNAL_VIA           (5.6800 -48.5966) TOP/BOTTOM 
  IREF_TEST_56_SEL     SIGNAL_VIA           (-0.2200 -29.4846) TOP/BOTTOM 
  IREF_TEST_78_SEL     SIGNAL_VIA           (-14.7320 -16.8500) TOP/BOTTOM 
  IREF_TEST_D_SEL      SIGNAL_VIA           (-19.4800 -29.4846) TOP/BOTTOM 
  N392499              SIGNAL_VIA           (-14.7320 -14.2500) TOP/BOTTOM 
  SEL1_PR_SEL          SIGNAL_VIA           (-38.7400 -55.7014) TOP/BOTTOM 
  SEL2_PR_SEL          SIGNAL_VIA           (-38.7400 -48.5966) TOP/BOTTOM 
  SEL3_PR_SEL          SIGNAL_VIA           (-52.1000 -48.5966) TOP/BOTTOM 
  TEST_EN_D            SIGNAL_VIA           (31.2000 4.8500) TOP/BOTTOM 
  Dummy Net            SIGNAL_VIA           (5.6800 -29.4846) TOP/BOTTOM 
  Dummy Net            SIGNAL_VIA           (5.6800 -36.5894) TOP/BOTTOM 
  Dummy Net            POWER_VIA            (4.4780 -32.0620) TOP/BOTTOM 
  Dummy Net            POWER_VIA            (4.4780 -30.7620) TOP/BOTTOM 
  Dummy Net            POWER_VIA            (4.4780 -34.0120) TOP/BOTTOM 
  Dummy Net            POWER_VIA            (4.4780 -35.3120) TOP/BOTTOM 


<< Antenna Vias >>
  Net                  Padstack               Location            Layers
  ---------------------------------------------------------------------------
  +1.65V               POWER_VIA            (-56.7979 -53.1240) TOP/BOTTOM 
  +1.65V               POWER_VIA            (-56.7979 -51.1740) TOP/BOTTOM 
  +1.65V               POWER_VIA            (-56.7979 -34.0120) TOP/BOTTOM 
  +1.65V               POWER_VIA            (-56.7979 -32.0620) TOP/BOTTOM 
  +1.65V               POWER_VIA            (-56.7979 -14.9000) TOP/BOTTOM 
  +1.65V               POWER_VIA            (-56.7979 -12.9500) TOP/BOTTOM 
  +1.65V               POWER_VIA            (-53.3020 -53.1240) TOP/BOTTOM 
  +1.65V               POWER_VIA            (-53.3020 -51.1740) TOP/BOTTOM 
  +1.65V               POWER_VIA            (-53.3020 -34.0120) TOP/BOTTOM 
  +1.65V               POWER_VIA            (-53.3020 -32.0620) TOP/BOTTOM 
  +1.65V               POWER_VIA            (-53.3020 -14.9000) TOP/BOTTOM 
  +1.65V               POWER_VIA            (-53.3020 -12.9500) TOP/BOTTOM 
  +1.65V               POWER_VIA            (-37.5380 -53.1240) TOP/BOTTOM 
  +1.65V               POWER_VIA            (-37.5380 -51.1740) TOP/BOTTOM 
  +1.65V               POWER_VIA            (-37.5379 -34.0120) TOP/BOTTOM 
  +1.65V               POWER_VIA            (-37.5379 -32.0620) TOP/BOTTOM 
  +1.65V               POWER_VIA            (-37.5379 -14.9000) TOP/BOTTOM 
  +1.65V               POWER_VIA            (-37.5379 -12.9500) TOP/BOTTOM 
  +1.65V               POWER_VIA            (-34.0421 -53.1240) TOP/BOTTOM 
  +1.65V               POWER_VIA            (-34.0421 -51.1740) TOP/BOTTOM 
  +1.65V               POWER_VIA            (-34.0420 -34.0120) TOP/BOTTOM 
  +1.65V               POWER_VIA            (-34.0420 -32.0620) TOP/BOTTOM 
  +1.65V               POWER_VIA            (-34.0420 -14.9000) TOP/BOTTOM 
  +1.65V               POWER_VIA            (-34.0420 -12.9500) TOP/BOTTOM 
  +1.65V               POWER_VIA            (-20.8214 -14.9000) TOP/BOTTOM 
  +1.65V               POWER_VIA            (-20.6820 -12.9500) TOP/BOTTOM 
  +1.65V               POWER_VIA            (-18.2779 -34.0120) TOP/BOTTOM 
  +1.65V               POWER_VIA            (-18.2779 -32.0620) TOP/BOTTOM 
  +1.65V               POWER_VIA            (-14.9214 -14.9000) TOP/BOTTOM 
  +1.65V               POWER_VIA            (-14.7820 -34.0120) TOP/BOTTOM 
  +1.65V               POWER_VIA            (-14.7820 -12.9500) TOP/BOTTOM 
  +1.65V               POWER_VIA            (0.9821 -53.1240) TOP/BOTTOM 
  +1.65V               POWER_VIA            (0.9821 -51.1740) TOP/BOTTOM 
  +1.65V               POWER_VIA            (0.9821 -34.0120) TOP/BOTTOM 
  +1.65V               POWER_VIA            (0.9821 -32.0620) TOP/BOTTOM 
  +1.65V               POWER_VIA            (0.9821 10.1000) TOP/BOTTOM 
  +1.65V               POWER_VIA            (0.9821 12.0500) TOP/BOTTOM 
  +1.65V               POWER_VIA            (4.4780 -53.1240) TOP/BOTTOM 
  +1.65V               POWER_VIA            (4.4780 -51.1740) TOP/BOTTOM 
  +5V                  POWER_VIA            (-71.5300 30.6300) TOP/BOTTOM 
  +5V                  POWER_VIA            (-54.9050 30.8400) TOP/BOTTOM 
  +5V                  POWER_VIA            (-49.3350 -52.8840) TOP/BOTTOM 
  +5V                  POWER_VIA            (-49.3350 -33.7720) TOP/BOTTOM 
  +5V                  POWER_VIA            (-49.3350 -14.6600) TOP/BOTTOM 
  +5V                  POWER_VIA            (-30.0750 -52.8840) TOP/BOTTOM 
  +5V                  POWER_VIA            (-30.0750 -33.7720) TOP/BOTTOM 
  +5V                  POWER_VIA            (-30.0750 -14.6600) TOP/BOTTOM 
  +5V                  POWER_VIA            (-19.9100 36.0450) TOP/BOTTOM 
  +5V                  POWER_VIA            (-10.8150 -52.8840) TOP/BOTTOM 
  +5V                  POWER_VIA            (-10.8150 -33.7720) TOP/BOTTOM 
  +5V                  POWER_VIA            (-10.8150 -14.6600) TOP/BOTTOM 
  +5V                  POWER_VIA            (-2.1300 36.0450) TOP/BOTTOM 
  +5V                  POWER_VIA            (8.4450 -52.8840) TOP/BOTTOM 
  +5V                  POWER_VIA            (8.4450 -33.7720) TOP/BOTTOM 
  +5V                  POWER_VIA            (8.4450 10.3400) TOP/BOTTOM 
  -1.65V               POWER_VIA            (-56.7979 -54.4240) TOP/BOTTOM 
  -1.65V               POWER_VIA            (-56.7979 -49.8740) TOP/BOTTOM 
  -1.65V               POWER_VIA            (-56.7979 -35.3120) TOP/BOTTOM 
  -1.65V               POWER_VIA            (-56.7979 -30.7620) TOP/BOTTOM 
  -1.65V               POWER_VIA            (-56.7979 -16.2000) TOP/BOTTOM 
  -1.65V               POWER_VIA            (-56.7979 -11.6500) TOP/BOTTOM 
  -1.65V               POWER_VIA            (-53.3020 -54.4240) TOP/BOTTOM 
  -1.65V               POWER_VIA            (-53.3020 -49.8740) TOP/BOTTOM 
  -1.65V               POWER_VIA            (-53.3020 -35.3120) TOP/BOTTOM 
  -1.65V               POWER_VIA            (-53.3020 -30.7620) TOP/BOTTOM 
  -1.65V               POWER_VIA            (-53.3020 -16.2000) TOP/BOTTOM 
  -1.65V               POWER_VIA            (-53.3020 -11.6500) TOP/BOTTOM 
  -1.65V               POWER_VIA            (-37.5380 -54.4240) TOP/BOTTOM 
  -1.65V               POWER_VIA            (-37.5380 -49.8740) TOP/BOTTOM 
  -1.65V               POWER_VIA            (-37.5379 -35.3120) TOP/BOTTOM 
  -1.65V               POWER_VIA            (-37.5379 -30.7620) TOP/BOTTOM 
  -1.65V               POWER_VIA            (-37.5379 -16.2000) TOP/BOTTOM 
  -1.65V               POWER_VIA            (-37.5379 -11.6500) TOP/BOTTOM 
  -1.65V               POWER_VIA            (-34.0421 -54.4240) TOP/BOTTOM 
  -1.65V               POWER_VIA            (-34.0421 -49.8740) TOP/BOTTOM 
  -1.65V               POWER_VIA            (-34.0420 -35.3120) TOP/BOTTOM 
  -1.65V               POWER_VIA            (-34.0420 -30.7620) TOP/BOTTOM 
  -1.65V               POWER_VIA            (-34.0420 -16.2000) TOP/BOTTOM 
  -1.65V               POWER_VIA            (-34.0420 -11.6500) TOP/BOTTOM 
  -1.65V               POWER_VIA            (-20.8214 -16.2000) TOP/BOTTOM 
  -1.65V               POWER_VIA            (-20.6820 -11.6500) TOP/BOTTOM 
  -1.65V               POWER_VIA            (-18.2779 -35.3120) TOP/BOTTOM 
  -1.65V               POWER_VIA            (-18.2779 -30.7620) TOP/BOTTOM 
  -1.65V               POWER_VIA            (-14.9214 -16.2000) TOP/BOTTOM 
  -1.65V               POWER_VIA            (-14.7820 -35.3120) TOP/BOTTOM 
  -1.65V               POWER_VIA            (-14.7820 -11.6500) TOP/BOTTOM 
  -1.65V               POWER_VIA            (0.9821 -54.4240) TOP/BOTTOM 
  -1.65V               POWER_VIA            (0.9821 -49.8740) TOP/BOTTOM 
  -1.65V               POWER_VIA            (0.9821 -35.3120) TOP/BOTTOM 
  -1.65V               POWER_VIA            (0.9821 -30.7620) TOP/BOTTOM 
  -1.65V               POWER_VIA            (0.9821 8.8000)  TOP/BOTTOM 
  -1.65V               POWER_VIA            (0.9821 13.3500) TOP/BOTTOM 
  -1.65V               POWER_VIA            (4.4780 -54.4240) TOP/BOTTOM 
  -1.65V               POWER_VIA            (4.4780 -49.8740) TOP/BOTTOM 
  -5V                  POWER_VIA            (-60.7650 -50.7640) TOP/BOTTOM 
  -5V                  POWER_VIA            (-60.7650 -31.6520) TOP/BOTTOM 
  -5V                  POWER_VIA            (-60.7650 -12.5400) TOP/BOTTOM 
  -5V                  POWER_VIA            (-60.1000 32.7500) TOP/BOTTOM 
  -5V                  POWER_VIA            (-43.4750 32.9600) TOP/BOTTOM 
  -5V                  POWER_VIA            (-41.5050 -50.7640) TOP/BOTTOM 
  -5V                  POWER_VIA            (-41.5050 -31.6520) TOP/BOTTOM 
  -5V                  POWER_VIA            (-41.5050 -12.5400) TOP/BOTTOM 
  -5V                  POWER_VIA            (-31.3400 33.9250) TOP/BOTTOM 
  -5V                  POWER_VIA            (-22.2450 -50.7640) TOP/BOTTOM 
  -5V                  POWER_VIA            (-22.2450 -31.6520) TOP/BOTTOM 
  -5V                  POWER_VIA            (-22.2450 -12.5400) TOP/BOTTOM 
  -5V                  POWER_VIA            (-13.5600 33.9250) TOP/BOTTOM 
  -5V                  POWER_VIA            (-2.9850 -50.7640) TOP/BOTTOM 
  -5V                  POWER_VIA            (-2.9850 -31.6520) TOP/BOTTOM 
  -5V                  POWER_VIA            (-2.9850 12.4600) TOP/BOTTOM 
  CH_AB_COND_SEL       SIGNAL_VIA           (-28.5750 31.7576) TOP/BOTTOM 
  CH_CD_COND_SEL       SIGNAL_VIA           (-28.5750 38.8624) TOP/BOTTOM 
  CH_EN_1_SEL          SIGNAL_VIA           (-20.6320 -16.8500) TOP/BOTTOM 
  CH_EN_2_SEL          SIGNAL_VIA           (-58.0000 -10.3726) TOP/BOTTOM 
  CH_EN_3_SEL          SIGNAL_VIA           (-0.2200 -48.5966) TOP/BOTTOM 
  CH_EN_4_SEL          SIGNAL_VIA           (-32.8400 -48.5966) TOP/BOTTOM 
  CH_EN_5_SEL          SIGNAL_VIA           (-58.0000 -55.7014) TOP/BOTTOM 
  CH_EN_6_SEL          SIGNAL_VIA           (-32.8400 -10.3726) TOP/BOTTOM 
  CH_EN_7_SEL          SIGNAL_VIA           (-58.0000 -29.4846) TOP/BOTTOM 
  CH_EN_8_SEL          SIGNAL_VIA           (-38.7400 -36.5894) TOP/BOTTOM 
  CH_EN_D_SEL          SIGNAL_VIA           (-32.8400 -36.5894) TOP/BOTTOM 
  CH_OUTPUT_1          SIGNAL_VIA           (14.9300 35.2500) TOP/BOTTOM 
  CH_OUTPUT_1          SIGNAL_VIA           (26.6700 35.2500) TOP/BOTTOM 
  CH_OUTPUT_3          SIGNAL_VIA           (25.4000 -67.3100) TOP/BOTTOM 
  CH_OUTPUT_3          SIGNAL_VIA           (33.0200 -65.2000) TOP/BOTTOM 
  CH_OUTPUT_4          SIGNAL_VIA           (25.4000 -69.2150) TOP/BOTTOM 
  CH_OUTPUT_4          SIGNAL_VIA           (31.7500 -55.6000) TOP/BOTTOM 
  CH_OUTPUT_5          SIGNAL_VIA           (-45.0850 24.1300) TOP/BOTTOM 
  CH_OUTPUT_5          SIGNAL_VIA           (-45.0850 32.5500) TOP/BOTTOM 
  CH_OUTPUT_6          SIGNAL_VIA           (33.0200 37.6500) TOP/BOTTOM 
  CH_OUTPUT_7          SIGNAL_VIA           (-50.8000 32.5500) TOP/BOTTOM 
  CH_OUTPUT_7          SIGNAL_VIA           (-50.1650 26.6700) TOP/BOTTOM 
  CH_OUTPUT_7          SIGNAL_VIA           (22.2250 29.6500) TOP/BOTTOM 
  CH_OUTPUT_7          SIGNAL_VIA           (31.2000 29.6500) TOP/BOTTOM 
  CH_OUTPUT_8          SIGNAL_VIA           (-54.6100 29.2100) TOP/BOTTOM 
  CH_OUTPUT_8          SIGNAL_VIA           (-53.9750 25.4000) TOP/BOTTOM 
  CH_OUTPUT_8          SIGNAL_VIA           (23.4950 24.7650) TOP/BOTTOM 
  CH_OUTPUT_8          SIGNAL_VIA           (31.3850 20.0500) TOP/BOTTOM 
  CH_OUT_C             SIGNAL_VIA           (-50.1650 36.1950) TOP/BOTTOM 
  CH_OUT_D             SIGNAL_VIA           (-57.1500 38.1000) TOP/BOTTOM 
  CM                   SIGNAL_VIA           (-12.0650 -62.2300) TOP/BOTTOM 
  CM                   SIGNAL_VIA           (-8.2550 -57.1500) TOP/BOTTOM 
  COND_EN_1_SEL        SIGNAL_VIA           (-32.8400 -17.4774) TOP/BOTTOM 
  COND_EN_2_SEL        SIGNAL_VIA           (-52.1000 -10.3726) TOP/BOTTOM 
  COND_EN_3_SEL        SIGNAL_VIA           (-13.5800 -55.7014) TOP/BOTTOM 
  COND_EN_4_SEL        SIGNAL_VIA           (-19.4800 -55.7014) TOP/BOTTOM 
  COND_EN_5            SIGNAL_VIA           (24.1300 43.2500) TOP/BOTTOM 
  COND_EN_5            SIGNAL_VIA           (32.4700 43.2500) TOP/BOTTOM 
  COND_EN_5_SEL        SIGNAL_VIA           (-58.0000 -17.4774) TOP/BOTTOM 
  COND_EN_6_SEL        SIGNAL_VIA           (-38.7400 -10.3726) TOP/BOTTOM 
  COND_EN_7_SEL        SIGNAL_VIA           (-52.1000 -36.5894) TOP/BOTTOM 
  COND_EN_8_SEL        SIGNAL_VIA           (-52.1000 -29.4846) TOP/BOTTOM 
  COND_EN_D_SEL        SIGNAL_VIA           (-13.5800 -29.4846) TOP/BOTTOM 
  EN_12_SEL            SIGNAL_VIA           (-14.9714 -11.0000) TOP/BOTTOM 
  EN_34_SEL            SIGNAL_VIA           (-0.2200 -55.7014) TOP/BOTTOM 
  EN_56_SEL            SIGNAL_VIA           (-58.0000 -48.5966) TOP/BOTTOM 
  EN_78_SEL            SIGNAL_VIA           (5.6800 14.6274) TOP/BOTTOM 
  EN_D_SEL             SIGNAL_VIA           (-19.4800 -36.5894) TOP/BOTTOM 
  GND                  POWER_VIA            (-80.4000 23.0950) TOP/BOTTOM 
  GND                  POWER_VIA            (-71.5300 34.3500) TOP/BOTTOM 
  GND                  POWER_VIA            (-60.7650 -54.4840) TOP/BOTTOM 
  GND                  POWER_VIA            (-60.7650 -35.3720) TOP/BOTTOM 
  GND                  POWER_VIA            (-60.7650 -16.2600) TOP/BOTTOM 
  GND                  POWER_VIA            (-60.1000 29.0300) TOP/BOTTOM 
  GND                  POWER_VIA            (-54.9050 34.5600) TOP/BOTTOM 
  GND                  POWER_VIA            (-49.3350 -49.1640) TOP/BOTTOM 
  GND                  POWER_VIA            (-49.3350 -30.0520) TOP/BOTTOM 
  GND                  POWER_VIA            (-49.3350 -10.9400) TOP/BOTTOM 
  GND                  POWER_VIA            (-43.4750 29.2400) TOP/BOTTOM 
  GND                  POWER_VIA            (-41.5050 -54.4840) TOP/BOTTOM 
  GND                  POWER_VIA            (-41.5050 -35.3720) TOP/BOTTOM 
  GND                  POWER_VIA            (-41.5050 -16.2600) TOP/BOTTOM 
  GND                  POWER_VIA            (-31.3400 37.6450) TOP/BOTTOM 
  GND                  POWER_VIA            (-30.0750 -49.1640) TOP/BOTTOM 
  GND                  POWER_VIA            (-30.0750 -30.0520) TOP/BOTTOM 
  GND                  POWER_VIA            (-30.0750 -10.9400) TOP/BOTTOM 
  GND                  POWER_VIA            (-22.2450 -54.4840) TOP/BOTTOM 
  GND                  POWER_VIA            (-22.2450 -35.3720) TOP/BOTTOM 
  GND                  POWER_VIA            (-22.2450 -16.2600) TOP/BOTTOM 
  GND                  POWER_VIA            (-19.9100 32.3250) TOP/BOTTOM 
  GND                  POWER_VIA            (-13.5600 37.6450) TOP/BOTTOM 
  GND                  POWER_VIA            (-10.8150 -49.1640) TOP/BOTTOM 
  GND                  POWER_VIA            (-10.8150 -30.0520) TOP/BOTTOM 
  GND                  POWER_VIA            (-10.8150 -10.9400) TOP/BOTTOM 
  GND                  POWER_VIA            (-2.9850 -54.4840) TOP/BOTTOM 
  GND                  POWER_VIA            (-2.9850 -35.3720) TOP/BOTTOM 
  GND                  POWER_VIA            (-2.9850 8.7400) TOP/BOTTOM 
  GND                  POWER_VIA            (-2.1300 32.3250) TOP/BOTTOM 
  GND                  POWER_VIA            (8.4450 -49.1640) TOP/BOTTOM 
  GND                  POWER_VIA            (8.4450 -30.0520) TOP/BOTTOM 
  GND                  POWER_VIA            (8.4450 14.0600) TOP/BOTTOM 
  HPF_OUT_BUF          SIGNAL_VIA           (-76.8350 -12.7100) TOP/BOTTOM 
  HPF_OUT_BUF          SIGNAL_VIA           (-60.9600 -9.5250) TOP/BOTTOM 
  HPF_OUT_BUF          SIGNAL_VIA           (31.2000 2.4500) TOP/BOTTOM 
  HPF_OUT_BUF          SIGNAL_VIA           (32.3850 -6.3500) TOP/BOTTOM 
  HP_BYPASS_EN_2_SEL   SIGNAL_VIA           (-52.1000 -17.4774) TOP/BOTTOM 
  HP_BYPASS_EN_3_SEL   SIGNAL_VIA           (-13.5800 -48.5966) TOP/BOTTOM 
  HP_BYPASS_EN_4_SEL   SIGNAL_VIA           (-19.4800 -48.5966) TOP/BOTTOM 
  HP_BYPASS_EN_5_SEL   SIGNAL_VIA           (-52.1000 -55.7014) TOP/BOTTOM 
  HP_BYPASS_EN_6_SEL   SIGNAL_VIA           (-38.7400 -17.4774) TOP/BOTTOM 
  HP_BYPASS_EN_7_SEL   SIGNAL_VIA           (-58.0000 -36.5894) TOP/BOTTOM 
  HP_BYPASS_EN_8_SEL   SIGNAL_VIA           (-38.7400 -29.4846) TOP/BOTTOM 
  HP_BYPASS_EN_D_SEL   SIGNAL_VIA           (-32.8400 -29.4846) TOP/BOTTOM 
  IIN_PR               SIGNAL_VIA           (-36.8300 -62.8650) TOP/BOTTOM 
  IIN_PR               SIGNAL_VIA           (-31.1150 -57.1500) TOP/BOTTOM 
  IREF_EN_12_SEL       SIGNAL_VIA           (-0.2200 7.5226) TOP/BOTTOM 
  IREF_EN_34_SEL       SIGNAL_VIA           (5.6800 -55.7014) TOP/BOTTOM 
  IREF_EN_56_SEL       SIGNAL_VIA           (-0.2200 -36.5894) TOP/BOTTOM 
  IREF_EN_78_SEL       SIGNAL_VIA           (-0.2200 14.6274) TOP/BOTTOM 
  IREF_EN_D_SEL        SIGNAL_VIA           (-13.5800 -36.5894) TOP/BOTTOM 
  IREF_IBX_12          SIGNAL_VIA           (12.0650 27.9400) TOP/BOTTOM 
  IREF_IBX_78          SIGNAL_VIA           (31.2000 35.2500) TOP/BOTTOM 
  IREF_IBX_D           SIGNAL_VIA           (26.0350 9.5250) TOP/BOTTOM 
  IREF_IBX_D           SIGNAL_VIA           (31.1150 8.8900) TOP/BOTTOM 
  IREF_OFF_CHIP_PR     SIGNAL_VIA           (5.0800 -62.2300) TOP/BOTTOM 
  IREF_OFF_CHIP_PR     SIGNAL_VIA           (10.1600 -57.1500) TOP/BOTTOM 
  IREF_REXT_12         SIGNAL_VIA           (20.3200 13.9700) TOP/BOTTOM 
  IREF_REXT_12         SIGNAL_VIA           (24.1300 30.9206) TOP/BOTTOM 
  IREF_REXT_78         SIGNAL_VIA           (-38.1000 43.8150) TOP/BOTTOM 
  IREF_REXT_78         SIGNAL_VIA           (-38.1000 46.9900) TOP/BOTTOM 
  IREF_REXT_D          SIGNAL_VIA           (24.4475 9.8425) TOP/BOTTOM 
  IREF_REXT_D          SIGNAL_VIA           (31.7500 8.0500) TOP/BOTTOM 
  IREF_SWITCH_PR_SEL   SIGNAL_VIA           (-32.8400 -55.7014) TOP/BOTTOM 
  IREF_TEST_12_SEL     SIGNAL_VIA           (5.6800 7.5226)  TOP/BOTTOM 
  IREF_TEST_34_SEL     SIGNAL_VIA           (5.6800 -48.5966) TOP/BOTTOM 
  IREF_TEST_56_SEL     SIGNAL_VIA           (-0.2200 -29.4846) TOP/BOTTOM 
  IREF_TEST_78_SEL     SIGNAL_VIA           (-14.7320 -16.8500) TOP/BOTTOM 
  IREF_TEST_D_SEL      SIGNAL_VIA           (-19.4800 -29.4846) TOP/BOTTOM 
  N392499              SIGNAL_VIA           (-14.7320 -14.2500) TOP/BOTTOM 
  REXT_PR              VIA                  (10.7950 -63.5000) TOP/BOTTOM 
  REXT_PR              VIA                  (26.0350 -37.2000) TOP/BOTTOM 
  SEL1_PR_SEL          SIGNAL_VIA           (-38.7400 -55.7014) TOP/BOTTOM 
  SEL2_PR_SEL          SIGNAL_VIA           (-38.7400 -48.5966) TOP/BOTTOM 
  SEL3_PR_SEL          SIGNAL_VIA           (-52.1000 -48.5966) TOP/BOTTOM 
  SENSOR_2             SIGNAL_VIA           (-66.0400 36.8300) TOP/BOTTOM 
  SENSOR_2             SIGNAL_VIA           (26.6700 42.4500) TOP/BOTTOM 
  SENSOR_3             SIGNAL_VIA           (25.4000 -62.8650) TOP/BOTTOM 
  SENSOR_3             SIGNAL_VIA           (31.7500 -62.8000) TOP/BOTTOM 
  SENSOR_4             SIGNAL_VIA           (25.4000 -65.4050) TOP/BOTTOM 
  SENSOR_4             SIGNAL_VIA           (31.7500 -58.0000) TOP/BOTTOM 
  SENSOR_5             SIGNAL_VIA           (-61.5950 32.3850) TOP/BOTTOM 
  SENSOR_5             SIGNAL_VIA           (-60.9600 24.7650) TOP/BOTTOM 
  SENSOR_6             SIGNAL_VIA           (-64.7700 36.8300) TOP/BOTTOM 
  SENSOR_6             SIGNAL_VIA           (31.7500 40.0500) TOP/BOTTOM 
  SENSOR_7             SIGNAL_VIA           (-67.3100 31.7777) TOP/BOTTOM 
  SENSOR_7             SIGNAL_VIA           (-66.0400 27.9400) TOP/BOTTOM 
  SENSOR_7             SIGNAL_VIA           (25.4000 26.6700) TOP/BOTTOM 
  SENSOR_7             SIGNAL_VIA           (32.3850 27.2500) TOP/BOTTOM 
  SENSOR_8             SIGNAL_VIA           (-67.3100 29.2100) TOP/BOTTOM 
  SENSOR_8             SIGNAL_VIA           (-66.0400 25.4000) TOP/BOTTOM 
  SENSOR_8             SIGNAL_VIA           (24.7650 25.4000) TOP/BOTTOM 
  SENSOR_8             SIGNAL_VIA           (31.7500 22.4500) TOP/BOTTOM 
  SENSOR_A             SIGNAL_VIA           (-64.1050 32.9900) TOP/BOTTOM 
  SENSOR_B             SIGNAL_VIA           (-65.4050 32.3850) TOP/BOTTOM 
  SENSOR_C             SIGNAL_VIA           (-70.9700 36.3450) TOP/BOTTOM 
  SENSOR_CD            SIGNAL_VIA           (-76.8350 -9.5250) TOP/BOTTOM 
  SENSOR_CD            SIGNAL_VIA           (-62.2300 -7.6200) TOP/BOTTOM 
  SENSOR_CD            SIGNAL_VIA           (24.1300 -8.2550) TOP/BOTTOM 
  SENSOR_CD            SIGNAL_VIA           (32.3850 12.0650) TOP/BOTTOM 
  SENSOR_D             SIGNAL_VIA           (-71.6500 29.7400) TOP/BOTTOM 
  SNFET_5_VB           SIGNAL_VIA           (-26.6700 19.6850) TOP/BOTTOM 
  SNFET_5_VS           SIGNAL_VIA           (-29.8450 20.9550) TOP/BOTTOM 
  SNFET_SHARED_VS      SIGNAL_VIA           (-27.3050 8.8900) TOP/BOTTOM 
  SPFET_1_VB           SIGNAL_VIA           (-26.6700 19.0500) TOP/BOTTOM 
  SPFET_2_VB           SIGNAL_VIA           (-26.6700 18.4150) TOP/BOTTOM 
  TEST_EN_D            SIGNAL_VIA           (31.2000 4.8500) TOP/BOTTOM 
  TIA_C_OUT_BUF        SIGNAL_VIA           (20.3403 -40.6603) TOP/BOTTOM 
  TIA_C_OUT_BUF        SIGNAL_VIA           (31.7500 4.0500) TOP/BOTTOM 
  TIA_M_OUT_BUF        SIGNAL_VIA           (20.1100 -39.1600) TOP/BOTTOM 
  TIA_M_OUT_BUF        SIGNAL_VIA           (31.6750 3.2500) TOP/BOTTOM 
  TIA_OUT_BUF          SIGNAL_VIA           (-76.8350 -37.4650) TOP/BOTTOM 
  TIA_OUT_BUF          SIGNAL_VIA           (-64.7700 -37.4650) TOP/BOTTOM 
  T_VRPS_CD            SIGNAL_VIA           (-15.2400 38.1000) TOP/BOTTOM 
  T_VRPS_C_34          SIGNAL_VIA           (-6.9850 36.8300) TOP/BOTTOM 
  T_VRPS_C_34          SIGNAL_VIA           (-5.7150 -10.1600) TOP/BOTTOM 
  T_VRPS_C_56          SIGNAL_VIA           (-18.4150 38.7350) TOP/BOTTOM 
  T_VRPS_C_56          SIGNAL_VIA           (-15.2400 41.9100) TOP/BOTTOM 
  T_VRPS_C_78          SIGNAL_VIA           (16.5100 36.1950) TOP/BOTTOM 
  T_VRPS_C_78          SIGNAL_VIA           (32.3850 26.4500) TOP/BOTTOM 
  T_VRPS_C_D           SIGNAL_VIA           (26.0350 -16.5100) TOP/BOTTOM 
  T_VRPS_C_D           SIGNAL_VIA           (31.7500 -12.7000) TOP/BOTTOM 
  T_VRPS_D             SIGNAL_VIA           (-74.9400 -22.2350) TOP/BOTTOM 
  T_VRPS_D             SIGNAL_VIA           (-59.0550 -22.2350) TOP/BOTTOM 
  T_VRPS_M_12          SIGNAL_VIA           (9.5250 36.8300) TOP/BOTTOM 
  T_VRPS_M_12          SIGNAL_VIA           (24.1300 38.7350) TOP/BOTTOM 
  T_VRPS_M_34          SIGNAL_VIA           (-8.2550 31.7500) TOP/BOTTOM 
  T_VRPS_M_34          SIGNAL_VIA           (-6.9850 -11.4300) TOP/BOTTOM 
  T_VRPS_M_56          SIGNAL_VIA           (-24.7650 34.2900) TOP/BOTTOM 
  T_VRPS_M_56          SIGNAL_VIA           (-24.7650 41.2750) TOP/BOTTOM 
  T_VRPS_M_56          SIGNAL_VIA           (20.3200 41.2750) TOP/BOTTOM 
  T_VRPS_M_56          SIGNAL_VIA           (31.1529 42.4500) TOP/BOTTOM 
  T_VRPS_M_78          SIGNAL_VIA           (1.9050 36.1950) TOP/BOTTOM 
  T_VRPS_M_78          SIGNAL_VIA           (1.9050 47.6250) TOP/BOTTOM 
  T_VRPS_M_D           SIGNAL_VIA           (26.0350 -15.2400) TOP/BOTTOM 
  T_VRPS_M_D           SIGNAL_VIA           (31.7500 -11.4300) TOP/BOTTOM 
  VDD_IT               SIGNAL_VIA           (26.6700 -22.2250) TOP/BOTTOM 
  VDD_IT               SIGNAL_VIA           (31.7500 -17.1450) TOP/BOTTOM 
  VOUT_PR              SIGNAL_VIA           (-38.1000 -62.8650) TOP/BOTTOM 
  VOUT_PR              SIGNAL_VIA           (-33.0200 -57.7850) TOP/BOTTOM 
  VRPS_34              SIGNAL_VIA           (-9.5250 37.5850) TOP/BOTTOM 
  VRPS_34              SIGNAL_VIA           (-6.3500 -10.7950) TOP/BOTTOM 
  VRPS_56              SIGNAL_VIA           (25.4000 40.0050) TOP/BOTTOM 
  VRPS_56              SIGNAL_VIA           (31.7500 41.6500) TOP/BOTTOM 
  VRPS_78              SIGNAL_VIA           (-7.6200 37.4650) TOP/BOTTOM 
  VRPS_78              SIGNAL_VIA           (-0.6350 46.9900) TOP/BOTTOM 
  VRPS_CD              SIGNAL_VIA           (-12.7000 38.7350) TOP/BOTTOM 
  VRPS_D               SIGNAL_VIA           (-76.8350 -10.7950) TOP/BOTTOM 
  VRPS_D               SIGNAL_VIA           (-61.5950 -8.8900) TOP/BOTTOM 
  VRPS_D               SIGNAL_VIA           (26.0350 -8.2550) TOP/BOTTOM 
  VRPS_D               SIGNAL_VIA           (31.2000 0.8500) TOP/BOTTOM 

<< Summary >>
  Total dangling lines:       2
  Total dangling vias:      199
  Total antenna vias:       310
