(---------------------------------------------------------------------)
(                                                                     )
(    Dangling Line, Via and Antenna Report                            )
(                                                                     )
(    Drawing          : fscvmotherboardv2.brd                         )
(    Software Version : 23.1P001                                      )
(    Date/Time        : Fri Mar  1 00:20:28 2024                      )
(                                                                     )
(---------------------------------------------------------------------)


Report methodology:
  - Dangling lines have at least one end not connected.
  - Dangling vias have one or no connection
      - Plus are not a test, thieving or netshort property via.
  - Antenna vias do not have connections on their start and end layers.
      - Plus they are not a thieving vias.
      - Optionally, VOLTAGE nets, testvias and through vias can be suppressed with
        the environment variable report_antennavia.
      - Section may be suppressed by variable report_noantennavia.
  - Not part of the current partition.
  - To suppress items in dangle report add the OK_DANGLE property to the via
    or connect line.

<< Dangling Lines >>  - Location marked with a star (*) is dangling.
  Net                 Layer                  Length       Location
  ------------------------------------------------------------------------------------------
  GND                  BOTTOM                0.4250     *(29.6500 32.0500) to  (30.0750 32.0500)
  Not a Net            BOTTOM                0.0141     *(-37.0396 -73.6600) to *(-37.0496 -73.6500)
  Not a Net            BOTTOM                0.0870     *(-41.9745 9.7535) to *(-41.9130 9.8150)


<< Dangling Vias >>
  Net                  Padstack               Location            Layers
  ---------------------------------------------------------------------------
  CH_AB_COND_SEL       SIGNAL_VIA           (-28.5750 31.7576) TOP/BOTTOM 
  CH_CD_COND_SEL       SIGNAL_VIA           (-28.5750 38.8624) TOP/BOTTOM 
  CH_OUTPUT_6          SIGNAL_VIA           (33.0200 37.6500) TOP/BOTTOM 
  TEST_EN_D            SIGNAL_VIA           (31.2000 4.8500) TOP/BOTTOM 
  Dummy Net            POWER_VIA            (4.4780 -32.0620) TOP/BOTTOM 
  Dummy Net            POWER_VIA            (4.4780 -30.7620) TOP/BOTTOM 
  Dummy Net            POWER_VIA            (4.4780 -34.0120) TOP/BOTTOM 
  Dummy Net            POWER_VIA            (4.4780 -35.3120) TOP/BOTTOM 


<< Antenna Vias >>
  Net                  Padstack               Location            Layers
  ---------------------------------------------------------------------------
  +1.65V               POWER_VIA            (-73.4950 -66.7100) TOP/BOTTOM 
  +1.65V               POWER_VIA            (-62.8643 -46.3557) TOP/BOTTOM 
  +1.65V               POWER_VIA            (-56.7979 -53.1240) TOP/BOTTOM 
  +1.65V               POWER_VIA            (-56.7979 -34.0120) TOP/BOTTOM 
  +1.65V               POWER_VIA            (-56.7979 -32.0620) TOP/BOTTOM 
  +1.65V               POWER_VIA            (-56.7979 -14.9000) TOP/BOTTOM 
  +1.65V               POWER_VIA            (-56.7979 -12.9500) TOP/BOTTOM 
  +1.65V               POWER_VIA            (-56.5150 -69.8500) TOP/BOTTOM 
  +1.65V               POWER_VIA            (-53.3020 -51.1740) TOP/BOTTOM 
  +1.65V               POWER_VIA            (-53.3020 -34.0120) TOP/BOTTOM 
  +1.65V               POWER_VIA            (-53.3020 -32.0620) TOP/BOTTOM 
  +1.65V               POWER_VIA            (-53.3020 -14.9000) TOP/BOTTOM 
  +1.65V               POWER_VIA            (-37.5380 -51.1740) TOP/BOTTOM 
  +1.65V               POWER_VIA            (-37.5379 -34.0120) TOP/BOTTOM 
  +1.65V               POWER_VIA            (-37.5379 -32.0620) TOP/BOTTOM 
  +1.65V               POWER_VIA            (-37.5379 -12.9500) TOP/BOTTOM 
  +1.65V               POWER_VIA            (-34.0421 -51.1740) TOP/BOTTOM 
  +1.65V               POWER_VIA            (-34.0420 -34.0120) TOP/BOTTOM 
  +1.65V               POWER_VIA            (-34.0420 -14.9000) TOP/BOTTOM 
  +1.65V               POWER_VIA            (-34.0420 -12.9500) TOP/BOTTOM 
  +1.65V               POWER_VIA            (-20.6821 -14.9000) TOP/BOTTOM 
  +1.65V               POWER_VIA            (-20.6820 -12.9500) TOP/BOTTOM 
  +1.65V               POWER_VIA            (-18.2780 -51.1740) TOP/BOTTOM 
  +1.65V               POWER_VIA            (-18.2779 -34.0120) TOP/BOTTOM 
  +1.65V               POWER_VIA            (-14.7821 -51.1740) TOP/BOTTOM 
  +1.65V               POWER_VIA            (-14.7821 -32.0620) TOP/BOTTOM 
  +1.65V               POWER_VIA            (-14.7821 -14.9000) TOP/BOTTOM 
  +1.65V               POWER_VIA            (-14.7820 -12.9500) TOP/BOTTOM 
  +1.65V               POWER_VIA            (0.9821 -51.1740) TOP/BOTTOM 
  +1.65V               POWER_VIA            (0.9821 -34.0120) TOP/BOTTOM 
  +1.65V               POWER_VIA            (0.9821 10.1000) TOP/BOTTOM 
  +1.65V               POWER_VIA            (0.9821 12.0500) TOP/BOTTOM 
  +1.65V               POWER_VIA            (4.4780 -53.1240) TOP/BOTTOM 
  +1.65V               POWER_VIA            (4.4780 -51.1740) TOP/BOTTOM 
  +1.65V               POWER_VIA            (6.8820 10.1000) TOP/BOTTOM 
  +1.65V               POWER_VIA            (6.8820 12.0500) TOP/BOTTOM 
  +1.65V               POWER_VIA            (22.7270 -32.3850) TOP/BOTTOM 
  +5V                  POWER_VIA            (-83.3250 -72.0050) TOP/BOTTOM 
  +5V                  POWER_VIA            (-71.5300 30.6300) TOP/BOTTOM 
  +5V                  POWER_VIA            (-54.9050 30.4800) TOP/BOTTOM 
  +5V                  POWER_VIA            (-49.3350 -52.8840) TOP/BOTTOM 
  +5V                  POWER_VIA            (-49.3350 -33.7720) TOP/BOTTOM 
  +5V                  POWER_VIA            (-49.3350 -14.6600) TOP/BOTTOM 
  +5V                  POWER_VIA            (-30.0750 -52.8840) TOP/BOTTOM 
  +5V                  POWER_VIA            (-30.0750 -33.7720) TOP/BOTTOM 
  +5V                  POWER_VIA            (-30.0750 -14.6600) TOP/BOTTOM 
  +5V                  POWER_VIA            (-19.9100 36.0450) TOP/BOTTOM 
  +5V                  POWER_VIA            (-10.8150 -52.8840) TOP/BOTTOM 
  +5V                  POWER_VIA            (-10.8150 -33.7720) TOP/BOTTOM 
  +5V                  POWER_VIA            (-10.8150 -14.6600) TOP/BOTTOM 
  +5V                  POWER_VIA            (-2.1300 36.0450) TOP/BOTTOM 
  +5V                  POWER_VIA            (2.1150 -20.2000) TOP/BOTTOM 
  +5V                  POWER_VIA            (2.1650 -22.2250) TOP/BOTTOM 
  +5V                  POWER_VIA            (8.4450 -52.8840) TOP/BOTTOM 
  +5V                  POWER_VIA            (8.4450 -33.7720) TOP/BOTTOM 
  +5V                  POWER_VIA            (8.4450 10.3400) TOP/BOTTOM 
  +5V                  POWER_VIA            (14.6500 -48.8950) TOP/BOTTOM 
  -1.65V               POWER_VIA            (-73.4950 -55.9150) TOP/BOTTOM 
  -1.65V               POWER_VIA            (-56.7979 -54.4240) TOP/BOTTOM 
  -1.65V               POWER_VIA            (-56.7979 -49.8740) TOP/BOTTOM 
  -1.65V               POWER_VIA            (-56.7979 -35.3120) TOP/BOTTOM 
  -1.65V               POWER_VIA            (-56.7979 -30.7620) TOP/BOTTOM 
  -1.65V               POWER_VIA            (-56.7979 -16.2000) TOP/BOTTOM 
  -1.65V               POWER_VIA            (-56.7979 -11.6500) TOP/BOTTOM 
  -1.65V               POWER_VIA            (-53.3020 -49.8740) TOP/BOTTOM 
  -1.65V               POWER_VIA            (-53.3020 -35.3120) TOP/BOTTOM 
  -1.65V               POWER_VIA            (-53.3020 -30.7620) TOP/BOTTOM 
  -1.65V               POWER_VIA            (-53.3020 -16.2000) TOP/BOTTOM 
  -1.65V               POWER_VIA            (-53.3020 -11.6500) TOP/BOTTOM 
  -1.65V               POWER_VIA            (-37.5380 -49.8740) TOP/BOTTOM 
  -1.65V               POWER_VIA            (-37.5379 -35.3120) TOP/BOTTOM 
  -1.65V               POWER_VIA            (-37.5379 -30.7620) TOP/BOTTOM 
  -1.65V               POWER_VIA            (-37.5379 -16.2000) TOP/BOTTOM 
  -1.65V               POWER_VIA            (-37.5379 -11.6500) TOP/BOTTOM 
  -1.65V               POWER_VIA            (-35.8000 35.4650) TOP/BOTTOM 
  -1.65V               POWER_VIA            (-34.0421 -49.8740) TOP/BOTTOM 
  -1.65V               POWER_VIA            (-34.0420 -35.3120) TOP/BOTTOM 
  -1.65V               POWER_VIA            (-34.0420 -30.7620) TOP/BOTTOM 
  -1.65V               POWER_VIA            (-34.0420 -16.2000) TOP/BOTTOM 
  -1.65V               POWER_VIA            (-34.0420 -11.6500) TOP/BOTTOM 
  -1.65V               POWER_VIA            (-24.5074 -30.7620) TOP/BOTTOM 
  -1.65V               POWER_VIA            (-20.8214 -16.2000) TOP/BOTTOM 
  -1.65V               POWER_VIA            (-20.6821 -49.8740) TOP/BOTTOM 
  -1.65V               POWER_VIA            (-20.6820 -11.6500) TOP/BOTTOM 
  -1.65V               POWER_VIA            (-18.2780 -54.4240) TOP/BOTTOM 
  -1.65V               POWER_VIA            (-18.2779 -35.3120) TOP/BOTTOM 
  -1.65V               POWER_VIA            (-14.9214 -16.2000) TOP/BOTTOM 
  -1.65V               POWER_VIA            (-14.7821 -49.8740) TOP/BOTTOM 
  -1.65V               POWER_VIA            (-14.7820 -35.3120) TOP/BOTTOM 
  -1.65V               POWER_VIA            (-14.7820 -11.6500) TOP/BOTTOM 
  -1.65V               POWER_VIA            (-11.3700 3.5400) TOP/BOTTOM 
  -1.65V               POWER_VIA            (-7.3500 -65.9800) TOP/BOTTOM 
  -1.65V               POWER_VIA            (-6.4700 -74.1600) TOP/BOTTOM 
  -1.65V               POWER_VIA            (-3.7500 3.5400) TOP/BOTTOM 
  -1.65V               POWER_VIA            (0.5150 -74.1600) TOP/BOTTOM 
  -1.65V               POWER_VIA            (0.9821 -49.8740) TOP/BOTTOM 
  -1.65V               POWER_VIA            (0.9821 -35.3120) TOP/BOTTOM 
  -1.65V               POWER_VIA            (0.9821 8.8000)  TOP/BOTTOM 
  -1.65V               POWER_VIA            (0.9821 13.3500) TOP/BOTTOM 
  -1.65V               POWER_VIA            (3.1850 38.7250) TOP/BOTTOM 
  -1.65V               POWER_VIA            (4.4780 -54.4240) TOP/BOTTOM 
  -1.65V               POWER_VIA            (4.4780 -49.8740) TOP/BOTTOM 
  -1.65V               POWER_VIA            (6.8820 8.8000)  TOP/BOTTOM 
  -1.65V               POWER_VIA            (6.8820 13.3500) TOP/BOTTOM 
  -1.65V               POWER_VIA            (9.5250 6.3500)  TOP/BOTTOM 
  -1.65V               POWER_VIA            (10.1050 -40.6400) TOP/BOTTOM 
  -1.65V               POWER_VIA            (12.0650 34.9800) TOP/BOTTOM 
  -1.65V               POWER_VIA            (17.0250 -2.2300) TOP/BOTTOM 
  -1.65V               POWER_VIA            (22.2250 9.5250) TOP/BOTTOM 
  -1.65V               POWER_VIA            (24.7650 -3.1750) TOP/BOTTOM 
  -1.65V               POWER_VIA            (26.0350 20.0500) TOP/BOTTOM 
  -1.65V               POWER_VIA            (26.6700 33.6500) TOP/BOTTOM 
  -1.65V               POWER_VIA            (26.7500 -31.6000) TOP/BOTTOM 
  -1.65V               POWER_VIA            (26.7500 12.0500) TOP/BOTTOM 
  -1.65V               POWER_VIA            (28.0750 -22.0500) TOP/BOTTOM 
  -1.65V               POWER_VIA            (31.2500 -66.8000) TOP/BOTTOM 
  -1.65V               POWER_VIA            (31.2500 -44.4000) TOP/BOTTOM 
  -1.65V               POWER_VIA            (31.2500 -33.2000) TOP/BOTTOM 
  -1.65V               POWER_VIA            (31.2500 -0.7500) TOP/BOTTOM 
  -1.65V               POWER_VIA            (31.2500 31.2500) TOP/BOTTOM 
  -1.65V               POWER_VIA            (32.3850 10.4500) TOP/BOTTOM 
  -5V                  POWER_VIA            (-84.4550 -51.0600) TOP/BOTTOM 
  -5V                  POWER_VIA            (-60.7650 -50.7640) TOP/BOTTOM 
  -5V                  POWER_VIA            (-60.7650 -31.6520) TOP/BOTTOM 
  -5V                  POWER_VIA            (-60.7650 -12.5400) TOP/BOTTOM 
  -5V                  POWER_VIA            (-60.3250 -5.7150) TOP/BOTTOM 
  -5V                  POWER_VIA            (-60.3250 -1.9050) TOP/BOTTOM 
  -5V                  POWER_VIA            (-60.1000 32.7500) TOP/BOTTOM 
  -5V                  POWER_VIA            (-43.4750 32.9600) TOP/BOTTOM 
  -5V                  POWER_VIA            (-41.5050 -50.7640) TOP/BOTTOM 
  -5V                  POWER_VIA            (-41.5050 -31.6520) TOP/BOTTOM 
  -5V                  POWER_VIA            (-41.5050 -12.5400) TOP/BOTTOM 
  -5V                  POWER_VIA            (-38.7350 -43.1800) TOP/BOTTOM 
  -5V                  POWER_VIA            (-31.3400 33.9250) TOP/BOTTOM 
  -5V                  POWER_VIA            (-26.0350 -43.1800) TOP/BOTTOM 
  -5V                  POWER_VIA            (-22.2450 -50.7640) TOP/BOTTOM 
  -5V                  POWER_VIA            (-22.2450 -31.6520) TOP/BOTTOM 
  -5V                  POWER_VIA            (-22.2450 -12.5400) TOP/BOTTOM 
  -5V                  POWER_VIA            (-13.5600 33.6550) TOP/BOTTOM 
  -5V                  POWER_VIA            (-2.9850 -50.7640) TOP/BOTTOM 
  -5V                  POWER_VIA            (-2.9850 -31.6520) TOP/BOTTOM 
  -5V                  POWER_VIA            (-2.9850 12.4600) TOP/BOTTOM 
  -5V                  POWER_VIA            (0.9750 -15.9150) TOP/BOTTOM 
  -5V                  POWER_VIA            (13.3350 -43.8150) TOP/BOTTOM 
  3.3V                 POWER_VIA            (-105.7750 8.1950) TOP/BOTTOM 
  3.3V                 POWER_VIA            (-101.3300 8.1950) TOP/BOTTOM 
  3.3V                 POWER_VIA            (-97.7500 11.4900) TOP/BOTTOM 
  3.3V                 POWER_VIA            (-97.7500 16.4500) TOP/BOTTOM 
  3.3V                 POWER_VIA            (-94.6150 -43.3450) TOP/BOTTOM 
  3.3V                 POWER_VIA            (-93.9800 33.0750) TOP/BOTTOM 
  3.3V                 POWER_VIA            (-92.9894 -0.6000) TOP/BOTTOM 
  3.3V                 POWER_VIA            (-91.7500 33.3300) TOP/BOTTOM 
  3.3V                 POWER_VIA            (-89.5350 15.2950) TOP/BOTTOM 
  3.3V                 POWER_VIA            (-88.9000 3.8100) TOP/BOTTOM 
  3.3V                 POWER_VIA            (-83.1850 8.2000) TOP/BOTTOM 
  3.3V                 POWER_VIA            (-76.4794 -0.6000) TOP/BOTTOM 
  CH_AB_COND_SEL       SIGNAL_VIA           (-28.5750 31.7576) TOP/BOTTOM 
  CH_CD_COND_SEL       SIGNAL_VIA           (-28.5750 38.8624) TOP/BOTTOM 
  CH_EN_3_SEL          SEL_LINE_VIA         (-95.8974 2.5400) TOP/BOTTOM 
  CH_EN_3_SEL          SEL_LINE_VIA         (-95.8974 5.7150) TOP/BOTTOM 
  CH_EN_4_SEL          SEL_LINE_VIA         (-85.7250 -1.9050) TOP/BOTTOM 
  CH_EN_4_SEL          SEL_LINE_VIA         (-85.7250 1.9050) TOP/BOTTOM 
  CH_EN_5_SEL          SEL_LINE_VIA         (-81.9150 -1.9050) TOP/BOTTOM 
  CH_EN_5_SEL          SEL_LINE_VIA         (-81.9150 1.9050) TOP/BOTTOM 
  CH_OUTPUT_1          SIGNAL_VIA           (14.9300 35.2500) TOP/BOTTOM 
  CH_OUTPUT_1          SIGNAL_VIA           (26.0350 35.2500) TOP/BOTTOM 
  CH_OUTPUT_3          SIGNAL_VIA           (25.4000 -67.3100) TOP/BOTTOM 
  CH_OUTPUT_3          SIGNAL_VIA           (33.0200 -65.2000) TOP/BOTTOM 
  CH_OUTPUT_4          SIGNAL_VIA           (25.4000 -69.2150) TOP/BOTTOM 
  CH_OUTPUT_4          SIGNAL_VIA           (33.0200 -55.6000) TOP/BOTTOM 
  CH_OUTPUT_5          SIGNAL_VIA           (-47.2748 24.1300) TOP/BOTTOM 
  CH_OUTPUT_5          SIGNAL_VIA           (-47.2748 32.5500) TOP/BOTTOM 
  CH_OUTPUT_6          SIGNAL_VIA           (33.0200 37.6500) TOP/BOTTOM 
  CH_OUTPUT_7          SIGNAL_VIA           (-50.8000 32.5500) TOP/BOTTOM 
  CH_OUTPUT_7          SIGNAL_VIA           (-50.1650 26.6700) TOP/BOTTOM 
  CH_OUTPUT_7          SIGNAL_VIA           (22.2250 29.6500) TOP/BOTTOM 
  CH_OUTPUT_7          SIGNAL_VIA           (31.2000 29.6500) TOP/BOTTOM 
  CH_OUTPUT_8          SIGNAL_VIA           (-54.6100 29.2100) TOP/BOTTOM 
  CH_OUTPUT_8          SIGNAL_VIA           (-53.9750 25.4000) TOP/BOTTOM 
  CH_OUTPUT_8          SIGNAL_VIA           (23.4950 24.7650) TOP/BOTTOM 
  CH_OUTPUT_8          SIGNAL_VIA           (31.3850 20.0500) TOP/BOTTOM 
  CH_OUT_C             SIGNAL_VIA           (-50.1650 36.1950) TOP/BOTTOM 
  CH_OUT_D             SIGNAL_VIA           (-57.1500 38.1000) TOP/BOTTOM 
  CM                   SIGNAL_VIA           (-8.2550 -62.2300) TOP/BOTTOM 
  CM                   SIGNAL_VIA           (-8.2550 -55.2450) TOP/BOTTOM 
  COND_EN_3_SEL        SEL_LINE_VIA         (-94.6150 -1.2700) TOP/BOTTOM 
  COND_EN_3_SEL        SEL_LINE_VIA         (-94.6150 5.7150) TOP/BOTTOM 
  COND_EN_4_SEL        SEL_LINE_VIA         (-90.8050 6.9850) TOP/BOTTOM 
  COND_EN_4_SEL        SEL_LINE_VIA         (-90.1700 -1.2700) TOP/BOTTOM 
  COND_EN_5            SIGNAL_VIA           (24.1300 43.2500) TOP/BOTTOM 
  COND_EN_5            SIGNAL_VIA           (32.4700 43.2500) TOP/BOTTOM 
  EN_34_SEL            SEL_LINE_VIA         (-96.5200 1.9050) TOP/BOTTOM 
  EN_34_SEL            SEL_LINE_VIA         (-96.5200 5.0800) TOP/BOTTOM 
  EN_56_SEL            SEL_LINE_VIA         (-81.2800 -1.2700) TOP/BOTTOM 
  EN_56_SEL            SEL_LINE_VIA         (-81.2800 1.2700) TOP/BOTTOM 
  EN_78_SEL            SEL_LINE_VIA         (-22.2250 5.0800) TOP/BOTTOM 
  EN_78_SEL            SEL_LINE_VIA         (-9.5250 5.0800) TOP/BOTTOM 
  GND                  POWER_VIA            (-108.4900 -45.7200) TOP/BOTTOM 
  GND                  POWER_VIA            (-108.4900 -43.1800) TOP/BOTTOM 
  GND                  POWER_VIA            (-104.7250 -54.4373) TOP/BOTTOM 
  GND                  POWER_VIA            (-100.9650 -45.4580) TOP/BOTTOM 
  GND                  POWER_VIA            (-98.6250 -54.4373) TOP/BOTTOM 
  GND                  POWER_VIA            (-96.5200 32.9250) TOP/BOTTOM 
  GND                  POWER_VIA            (-95.8850 -40.7350) TOP/BOTTOM 
  GND                  POWER_VIA            (-91.7242 4.7250) TOP/BOTTOM 
  GND                  POWER_VIA            (-91.3894 -0.6000) TOP/BOTTOM 
  GND                  POWER_VIA            (-90.8050 -50.4100) TOP/BOTTOM 
  GND                  POWER_VIA            (-90.1700 -75.4700) TOP/BOTTOM 
  GND                  POWER_VIA            (-90.1500 33.3300) TOP/BOTTOM 
  GND                  POWER_VIA            (-87.3506 10.6028) TOP/BOTTOM 
  GND                  POWER_VIA            (-84.4550 -54.6800) TOP/BOTTOM 
  GND                  POWER_VIA            (-83.3250 -75.6250) TOP/BOTTOM 
  GND                  POWER_VIA            (-80.4000 23.0950) TOP/BOTTOM 
  GND                  POWER_VIA            (-78.1050 -72.9300) TOP/BOTTOM 
  GND                  POWER_VIA            (-78.1050 -58.5150) TOP/BOTTOM 
  GND                  POWER_VIA            (-77.8176 4.7250) TOP/BOTTOM 
  GND                  POWER_VIA            (-76.2550 -74.2950) TOP/BOTTOM 
  GND                  POWER_VIA            (-76.2550 -63.5000) TOP/BOTTOM 
  GND                  POWER_VIA            (-76.1050 -67.9450) TOP/BOTTOM 
  GND                  POWER_VIA            (-76.1050 -57.1500) TOP/BOTTOM 
  GND                  POWER_VIA            (-74.8794 -0.6000) TOP/BOTTOM 
  GND                  POWER_VIA            (-71.5300 34.3500) TOP/BOTTOM 
  GND                  POWER_VIA            (-70.8406 10.6028) TOP/BOTTOM 
  GND                  POWER_VIA            (-69.5024 3.4250) TOP/BOTTOM 
  GND                  POWER_VIA            (-67.3100 30.4800) TOP/BOTTOM 
  GND                  POWER_VIA            (-60.7650 -54.4840) TOP/BOTTOM 
  GND                  POWER_VIA            (-60.7650 -35.3720) TOP/BOTTOM 
  GND                  POWER_VIA            (-60.7650 -16.2600) TOP/BOTTOM 
  GND                  POWER_VIA            (-60.1000 29.0300) TOP/BOTTOM 
  GND                  POWER_VIA            (-54.9050 34.5600) TOP/BOTTOM 
  GND                  POWER_VIA            (-50.8000 31.2500) TOP/BOTTOM 
  GND                  POWER_VIA            (-50.7547 -53.2947) TOP/BOTTOM 
  GND                  POWER_VIA            (-50.1650 -34.9250) TOP/BOTTOM 
  GND                  POWER_VIA            (-50.1650 -15.2400) TOP/BOTTOM 
  GND                  POWER_VIA            (-49.3350 -49.1640) TOP/BOTTOM 
  GND                  POWER_VIA            (-49.3350 -30.0520) TOP/BOTTOM 
  GND                  POWER_VIA            (-49.3350 -10.9400) TOP/BOTTOM 
  GND                  POWER_VIA            (-43.4750 29.2400) TOP/BOTTOM 
  GND                  POWER_VIA            (-41.5050 -54.4840) TOP/BOTTOM 
  GND                  POWER_VIA            (-41.5050 -35.3720) TOP/BOTTOM 
  GND                  POWER_VIA            (-41.5050 -16.2600) TOP/BOTTOM 
  GND                  POWER_VIA            (-31.3400 37.6450) TOP/BOTTOM 
  GND                  POWER_VIA            (-31.1150 -53.3400) TOP/BOTTOM 
  GND                  POWER_VIA            (-31.1150 -15.2400) TOP/BOTTOM 
  GND                  POWER_VIA            (-30.9337 -34.7437) TOP/BOTTOM 
  GND                  POWER_VIA            (-30.0750 -49.1640) TOP/BOTTOM 
  GND                  POWER_VIA            (-30.0750 -30.0520) TOP/BOTTOM 
  GND                  POWER_VIA            (-30.0750 -10.9400) TOP/BOTTOM 
  GND                  POWER_VIA            (-24.7650 36.1950) TOP/BOTTOM 
  GND                  POWER_VIA            (-22.2450 -54.4840) TOP/BOTTOM 
  GND                  POWER_VIA            (-22.2450 -35.3720) TOP/BOTTOM 
  GND                  POWER_VIA            (-22.2450 -16.2600) TOP/BOTTOM 
  GND                  POWER_VIA            (-19.9100 32.3250) TOP/BOTTOM 
  GND                  POWER_VIA            (-15.8750 -13.9700) TOP/BOTTOM 
  GND                  POWER_VIA            (-13.5600 37.6450) TOP/BOTTOM 
  GND                  POWER_VIA            (-12.0962 -34.2900) TOP/BOTTOM 
  GND                  POWER_VIA            (-12.0650 -53.3400) TOP/BOTTOM 
  GND                  POWER_VIA            (-10.8150 -49.1640) TOP/BOTTOM 
  GND                  POWER_VIA            (-10.8150 -30.0520) TOP/BOTTOM 
  GND                  POWER_VIA            (-10.8150 -10.9400) TOP/BOTTOM 
  GND                  POWER_VIA            (-6.3500 35.5600) TOP/BOTTOM 
  GND                  POWER_VIA            (-2.9850 -54.4840) TOP/BOTTOM 
  GND                  POWER_VIA            (-2.9850 -35.3720) TOP/BOTTOM 
  GND                  POWER_VIA            (-2.9850 8.7400) TOP/BOTTOM 
  GND                  POWER_VIA            (-2.1300 32.3250) TOP/BOTTOM 
  GND                  POWER_VIA            (0.9750 -19.5350) TOP/BOTTOM 
  GND                  POWER_VIA            (4.4450 10.7500) TOP/BOTTOM 
  GND                  POWER_VIA            (5.7850 -22.2250) TOP/BOTTOM 
  GND                  POWER_VIA            (7.3453 -53.6146) TOP/BOTTOM 
  GND                  POWER_VIA            (7.6200 -34.2900) TOP/BOTTOM 
  GND                  POWER_VIA            (8.4450 -49.1640) TOP/BOTTOM 
  GND                  POWER_VIA            (8.4450 -30.0520) TOP/BOTTOM 
  GND                  POWER_VIA            (8.4450 14.0600) TOP/BOTTOM 
  GND                  POWER_VIA            (13.6750 -47.4750) TOP/BOTTOM 
  GND                  POWER_VIA            (18.5300 -50.1650) TOP/BOTTOM 
  GND                  POWER_VIA            (26.0350 32.8500) TOP/BOTTOM 
  GND                  POWER_VIA            (26.7500 -29.2000) TOP/BOTTOM 
  GND                  POWER_VIA            (26.7500 -1.5500) TOP/BOTTOM 
  GND                  POWER_VIA            (32.3850 -67.6000) TOP/BOTTOM 
  GND                  POWER_VIA            (32.3850 14.4500) TOP/BOTTOM 
  GND                  POWER_VIA            (32.3850 32.0500) TOP/BOTTOM 
  HPF_OUT_BUF          SIGNAL_VIA           (-76.8350 -12.7100) TOP/BOTTOM 
  HPF_OUT_BUF          SIGNAL_VIA           (-60.9600 -9.5250) TOP/BOTTOM 
  HPF_OUT_BUF          SIGNAL_VIA           (31.2000 2.4500) TOP/BOTTOM 
  HPF_OUT_BUF          SIGNAL_VIA           (32.3850 -6.3500) TOP/BOTTOM 
  HP_BYPASS_EN_3_SEL   SEL_LINE_VIA         (-95.2500 1.9050) TOP/BOTTOM 
  HP_BYPASS_EN_3_SEL   SEL_LINE_VIA         (-95.2500 5.0800) TOP/BOTTOM 
  HP_BYPASS_EN_4_SEL   SEL_LINE_VIA         (-91.4400 2.5400) TOP/BOTTOM 
  HP_BYPASS_EN_4_SEL   SEL_LINE_VIA         (-90.8050 5.7150) TOP/BOTTOM 
  HP_BYPASS_EN_5_SEL   SEL_LINE_VIA         (-82.5500 -1.2700) TOP/BOTTOM 
  HP_BYPASS_EN_5_SEL   SEL_LINE_VIA         (-82.5500 1.2700) TOP/BOTTOM 
  IIN_PR               SIGNAL_VIA           (-27.9400 -61.5950) TOP/BOTTOM 
  IIN_PR               SIGNAL_VIA           (-27.9400 -54.6100) TOP/BOTTOM 
  IREF_EN_12_SEL       SEL_LINE_VIA         (-20.9550 6.3500) TOP/BOTTOM 
  IREF_EN_12_SEL       SEL_LINE_VIA         (-9.5250 6.3500) TOP/BOTTOM 
  IREF_EN_34_SEL       SEL_LINE_VIA         (-97.1550 2.5400) TOP/BOTTOM 
  IREF_EN_34_SEL       SEL_LINE_VIA         (-97.1550 5.7150) TOP/BOTTOM 
  IREF_EN_56_SEL       SEL_LINE_VIA         (-80.6450 -1.9050) TOP/BOTTOM 
  IREF_EN_56_SEL       SEL_LINE_VIA         (-80.6450 3.1750) TOP/BOTTOM 
  IREF_EN_78_SEL       SEL_LINE_VIA         (-20.3200 6.9850) TOP/BOTTOM 
  IREF_EN_78_SEL       SEL_LINE_VIA         (-9.5250 6.9850) TOP/BOTTOM 
  IREF_IBX_12          SIGNAL_VIA           (12.0650 27.9400) TOP/BOTTOM 
  IREF_IBX_78          SIGNAL_VIA           (31.2000 35.2500) TOP/BOTTOM 
  IREF_IBX_D           SIGNAL_VIA           (26.0350 9.5250) TOP/BOTTOM 
  IREF_IBX_D           SIGNAL_VIA           (31.1150 8.8900) TOP/BOTTOM 
  IREF_OFF_CHIP_PR     SIGNAL_VIA           (10.1600 -62.2300) TOP/BOTTOM 
  IREF_OFF_CHIP_PR     SIGNAL_VIA           (10.1600 -57.1500) TOP/BOTTOM 
  IREF_REXT_12         SIGNAL_VIA           (20.3200 13.9700) TOP/BOTTOM 
  IREF_REXT_12         SIGNAL_VIA           (24.1300 30.9206) TOP/BOTTOM 
  IREF_REXT_78         SIGNAL_VIA           (-38.1000 43.8150) TOP/BOTTOM 
  IREF_REXT_78         SIGNAL_VIA           (-38.1000 46.9900) TOP/BOTTOM 
  IREF_REXT_D          SIGNAL_VIA           (24.4475 9.8425) TOP/BOTTOM 
  IREF_REXT_D          SIGNAL_VIA           (31.7500 8.0500) TOP/BOTTOM 
  IREF_SWITCH_PR_SEL   SEL_LINE_VIA         (-85.0900 -1.2700) TOP/BOTTOM 
  IREF_SWITCH_PR_SEL   SEL_LINE_VIA         (-85.0900 1.2700) TOP/BOTTOM 
  IREF_TEST_12_SEL     SEL_LINE_VIA         (-21.5900 5.7150) TOP/BOTTOM 
  IREF_TEST_12_SEL     SEL_LINE_VIA         (-9.5250 5.7150) TOP/BOTTOM 
  IREF_TEST_34_SEL     SEL_LINE_VIA         (-97.7900 1.9050) TOP/BOTTOM 
  IREF_TEST_34_SEL     SEL_LINE_VIA         (-97.7900 6.3500) TOP/BOTTOM 
  IREF_TEST_56_SEL     SEL_LINE_VIA         (-80.0100 -1.2700) TOP/BOTTOM 
  IREF_TEST_56_SEL     SEL_LINE_VIA         (-80.0100 3.8100) TOP/BOTTOM 
  REXT_PR              SIGNAL_VIA           (10.7950 -63.5000) TOP/BOTTOM 
  REXT_PR              SIGNAL_VIA           (26.0350 -37.2000) TOP/BOTTOM 
  SEL1_PR_SEL          SEL_LINE_VIA         (-84.4550 -1.9050) TOP/BOTTOM 
  SEL1_PR_SEL          SEL_LINE_VIA         (-84.4550 1.9050) TOP/BOTTOM 
  SEL2_PR_SEL          SEL_LINE_VIA         (-83.8200 -1.2700) TOP/BOTTOM 
  SEL2_PR_SEL          SEL_LINE_VIA         (-83.8200 1.2700) TOP/BOTTOM 
  SEL3_PR_SEL          SEL_LINE_VIA         (-83.1850 -1.9050) TOP/BOTTOM 
  SEL3_PR_SEL          SEL_LINE_VIA         (-83.1850 1.9050) TOP/BOTTOM 
  SENSOR_2             SIGNAL_VIA           (-66.0400 36.8300) TOP/BOTTOM 
  SENSOR_2             SIGNAL_VIA           (26.6700 42.4500) TOP/BOTTOM 
  SENSOR_3             SIGNAL_VIA           (25.4000 -62.8650) TOP/BOTTOM 
  SENSOR_3             SIGNAL_VIA           (31.7500 -62.8000) TOP/BOTTOM 
  SENSOR_4             SIGNAL_VIA           (25.4000 -65.4050) TOP/BOTTOM 
  SENSOR_4             SIGNAL_VIA           (31.7500 -58.0000) TOP/BOTTOM 
  SENSOR_5             SIGNAL_VIA           (-64.1350 24.7650) TOP/BOTTOM 
  SENSOR_5             SIGNAL_VIA           (-64.1350 31.7500) TOP/BOTTOM 
  SENSOR_6             SIGNAL_VIA           (-64.7700 36.8300) TOP/BOTTOM 
  SENSOR_6             SIGNAL_VIA           (31.7500 40.0500) TOP/BOTTOM 
  SENSOR_7             SIGNAL_VIA           (-67.3100 31.7777) TOP/BOTTOM 
  SENSOR_7             SIGNAL_VIA           (-66.0400 27.9400) TOP/BOTTOM 
  SENSOR_7             SIGNAL_VIA           (25.4000 26.6700) TOP/BOTTOM 
  SENSOR_7             SIGNAL_VIA           (32.3850 27.2500) TOP/BOTTOM 
  SENSOR_8             SIGNAL_VIA           (-67.3100 29.2100) TOP/BOTTOM 
  SENSOR_8             SIGNAL_VIA           (-66.0400 25.4000) TOP/BOTTOM 
  SENSOR_8             SIGNAL_VIA           (24.7650 25.4000) TOP/BOTTOM 
  SENSOR_8             SIGNAL_VIA           (31.7500 22.4500) TOP/BOTTOM 
  SENSOR_A             SIGNAL_VIA           (-64.1350 33.6550) TOP/BOTTOM 
  SENSOR_B             SIGNAL_VIA           (-65.4050 34.9250) TOP/BOTTOM 
  SENSOR_C             SIGNAL_VIA           (-70.9700 36.3450) TOP/BOTTOM 
  SENSOR_CD            SIGNAL_VIA           (-76.8350 -9.5250) TOP/BOTTOM 
  SENSOR_CD            SIGNAL_VIA           (-62.2300 -7.6200) TOP/BOTTOM 
  SENSOR_CD            SIGNAL_VIA           (24.1300 -8.2550) TOP/BOTTOM 
  SENSOR_CD            SIGNAL_VIA           (32.3850 12.0650) TOP/BOTTOM 
  SENSOR_D             SIGNAL_VIA           (-71.7550 28.5750) TOP/BOTTOM 
  SNFET_5_VB           SIGNAL_VIA           (-25.4000 20.3200) TOP/BOTTOM 
  SNFET_5_VS           SIGNAL_VIA           (-29.8450 20.9550) TOP/BOTTOM 
  SNFET_SHARED_VS      SIGNAL_VIA           (-26.0350 7.6200) TOP/BOTTOM 
  SPFET_1_VB           SIGNAL_VIA           (-26.6700 19.0500) TOP/BOTTOM 
  SPFET_2_VB           SIGNAL_VIA           (-26.0350 17.7800) TOP/BOTTOM 
  TEST_EN_D            SIGNAL_VIA           (31.2000 4.8500) TOP/BOTTOM 
  TIA_C_OUT_BUF        SIGNAL_VIA           (20.8064 -39.8564) TOP/BOTTOM 
  TIA_C_OUT_BUF        SIGNAL_VIA           (31.7500 4.0500) TOP/BOTTOM 
  TIA_M_OUT_BUF        SIGNAL_VIA           (19.6850 -40.0050) TOP/BOTTOM 
  TIA_M_OUT_BUF        SIGNAL_VIA           (31.6750 3.2500) TOP/BOTTOM 
  TIA_OUT_BUF          SIGNAL_VIA           (-76.8350 -37.4650) TOP/BOTTOM 
  TIA_OUT_BUF          SIGNAL_VIA           (-64.7700 -37.4650) TOP/BOTTOM 
  T_VRPS_CD            SIGNAL_VIA           (-15.2400 38.1000) TOP/BOTTOM 
  T_VRPS_C_34          SIGNAL_VIA           (-6.9850 36.8300) TOP/BOTTOM 
  T_VRPS_C_34          SIGNAL_VIA           (-5.7150 -10.1600) TOP/BOTTOM 
  T_VRPS_C_56          SIGNAL_VIA           (-18.4150 38.7350) TOP/BOTTOM 
  T_VRPS_C_56          SIGNAL_VIA           (-15.2400 41.9100) TOP/BOTTOM 
  T_VRPS_C_78          SIGNAL_VIA           (16.5100 36.1950) TOP/BOTTOM 
  T_VRPS_C_78          SIGNAL_VIA           (32.3850 26.4500) TOP/BOTTOM 
  T_VRPS_C_D           SIGNAL_VIA           (29.8450 -18.4150) TOP/BOTTOM 
  T_VRPS_C_D           SIGNAL_VIA           (29.8450 -13.9700) TOP/BOTTOM 
  T_VRPS_D             SIGNAL_VIA           (-74.9400 -22.2350) TOP/BOTTOM 
  T_VRPS_D             SIGNAL_VIA           (-59.0550 -22.2350) TOP/BOTTOM 
  T_VRPS_D_SEL         SEL_LINE_VIA         (-79.3750 -1.9050) TOP/BOTTOM 
  T_VRPS_D_SEL         SEL_LINE_VIA         (-79.3750 4.4450) TOP/BOTTOM 
  T_VRPS_D_SEL         SEL_LINE_VIA         (19.4100 -48.1400) TOP/BOTTOM 
  T_VRPS_M_12          SIGNAL_VIA           (9.5250 36.8300) TOP/BOTTOM 
  T_VRPS_M_12          SIGNAL_VIA           (24.1300 38.7350) TOP/BOTTOM 
  T_VRPS_M_34          SIGNAL_VIA           (-8.2550 31.7500) TOP/BOTTOM 
  T_VRPS_M_34          SIGNAL_VIA           (-6.9850 -11.4300) TOP/BOTTOM 
  T_VRPS_M_56          SIGNAL_VIA           (-25.4000 34.9250) TOP/BOTTOM 
  T_VRPS_M_56          SIGNAL_VIA           (-25.4000 41.2750) TOP/BOTTOM 
  T_VRPS_M_56          SIGNAL_VIA           (20.3200 41.2750) TOP/BOTTOM 
  T_VRPS_M_56          SIGNAL_VIA           (31.1529 42.4500) TOP/BOTTOM 
  T_VRPS_M_78          SIGNAL_VIA           (1.9050 36.1950) TOP/BOTTOM 
  T_VRPS_M_78          SIGNAL_VIA           (1.9050 47.6250) TOP/BOTTOM 
  T_VRPS_M_D           SIGNAL_VIA           (28.5750 -17.1450) TOP/BOTTOM 
  T_VRPS_M_D           SIGNAL_VIA           (28.5750 -12.7000) TOP/BOTTOM 
  VDD_IT               SIGNAL_VIA           (32.3850 -21.5900) TOP/BOTTOM 
  VDD_IT               SIGNAL_VIA           (33.0200 -15.8750) TOP/BOTTOM 
  VOUT_PR              SIGNAL_VIA           (-29.8450 -61.5950) TOP/BOTTOM 
  VOUT_PR              SIGNAL_VIA           (-29.8450 -55.2450) TOP/BOTTOM 
  VRPS_34              SIGNAL_VIA           (-8.8300 36.8900) TOP/BOTTOM 
  VRPS_34              SIGNAL_VIA           (-6.3500 -10.7950) TOP/BOTTOM 
  VRPS_56              SIGNAL_VIA           (25.4000 40.0050) TOP/BOTTOM 
  VRPS_56              SIGNAL_VIA           (31.7500 41.6500) TOP/BOTTOM 
  VRPS_78              SIGNAL_VIA           (-7.6200 38.7350) TOP/BOTTOM 
  VRPS_78              SIGNAL_VIA           (-0.6350 46.9900) TOP/BOTTOM 
  VRPS_CD              SIGNAL_VIA           (-12.7000 38.7350) TOP/BOTTOM 
  VRPS_D               SIGNAL_VIA           (-76.8350 -10.7950) TOP/BOTTOM 
  VRPS_D               SIGNAL_VIA           (-61.5950 -8.8900) TOP/BOTTOM 
  VRPS_D               SIGNAL_VIA           (26.0350 -8.2550) TOP/BOTTOM 
  VRPS_D               SIGNAL_VIA           (31.2000 0.8500) TOP/BOTTOM 

<< Summary >>
  Total dangling lines:       3
  Total dangling vias:        8
  Total antenna vias:       408
